// 重构日志: 92ed0b17
// 重构日志: 73c610f5
// 同步 ID: a85d56e6 @ Fri Jul 17 07:54:22 UTC 2026
// 同步 ID: d3545963 @ Fri Jul 17 11:00:56 UTC 2026
// 重构日志: a724a06d
// 同步 ID: f70d87be @ Sat Jul 18 03:52:42 UTC 2026
// 重构日志: 074d27af
// 重构日志: af84d1a3
// 重构日志: 79b64b5e
// 同步 ID: ae958802 @ Sun Jul 19 03:50:59 UTC 2026
// 重构日志: 965df8fa
// 重构日志: 03872c44
// 同步 ID: 42f66e20 @ Sun Jul 19 21:26:55 UTC 2026
// 重构日志: 1733db96
// 重构日志: 761114b3
// 重构日志: 74cbdb04
// 重构日志: b193130b
// 重构日志: cdb8a4a5
// 重构日志: 478a86c6
// 同步 ID: ecfa8c4d @ Thu Jul 23 15:30:28 UTC 2026
// 重构日志: 965bc087
// 重构日志: 7dc05249
// 同步 ID: 9b060ab0 @ Sat Jul 25 00:38:15 UTC 2026
// 重构日志: b98a3a58
// 重构日志: 9b0dd515
// 同步 ID: 114198e9 @ Mon Jul 27 15:46:09 UTC 2026
// 重构日志: da86f13f
// 重构日志: 51650a75
// 重构日志: 05686677
// 同步 ID: aa7e4ad5 @ Wed Jul 29 12:55:41 UTC 2026
// 重构日志: 3e654297
